[INFO ] 2026-04-29 06:32:31.295 [main] BaseTest - Browser launched
[INFO ] 2026-04-29 06:32:31.713 [main] BaseTest - Browser closed
[INFO ] 2026-04-29 07:07:06.281 [main] BaseTest - Browser launched
[INFO ] 2026-04-29 07:07:06.720 [main] BaseTest - Browser closed
[DEBUG] 2026-04-29 07:12:57.538 [main] PackageRelationshipCollection - Parsing relationship: /xl/_rels/workbook.xml.rels
[DEBUG] 2026-04-29 07:12:57.559 [main] PackageRelationshipCollection - Parsing relationship: /_rels/.rels
[INFO ] 2026-04-29 07:13:02.388 [main] BaseTest - Browser launched
[INFO ] 2026-04-29 07:13:02.806 [main] BaseTest - Browser closed
[DEBUG] 2026-04-29 07:13:02.826 [main] PackageRelationshipCollection - Parsing relationship: /xl/_rels/workbook.xml.rels
[DEBUG] 2026-04-29 07:13:02.830 [main] PackageRelationshipCollection - Parsing relationship: /_rels/.rels
[DEBUG] 2026-04-29 07:14:13.147 [main] PackageRelationshipCollection - Parsing relationship: /xl/_rels/workbook.xml.rels
[DEBUG] 2026-04-29 07:14:13.158 [main] PackageRelationshipCollection - Parsing relationship: /_rels/.rels
[INFO ] 2026-04-29 07:14:18.877 [TestNG-PoolService-1] BaseTest - Browser launched
[INFO ] 2026-04-29 07:14:18.927 [TestNG-PoolService-2] BaseTest - Browser launched
[INFO ] 2026-04-29 07:14:32.248 [TestNG-PoolService-1] BaseTest - Browser closed
[INFO ] 2026-04-29 07:14:32.416 [TestNG-PoolService-2] BaseTest - Browser closed
[INFO ] 2026-04-29 07:14:35.643 [main] BaseTest - Browser launched
[INFO ] 2026-04-29 07:14:35.957 [main] BaseTest - Browser closed
[DEBUG] 2026-04-29 07:14:35.994 [main] PackageRelationshipCollection - Parsing relationship: /xl/_rels/workbook.xml.rels
[DEBUG] 2026-04-29 07:14:36.001 [main] PackageRelationshipCollection - Parsing relationship: /_rels/.rels
[INFO ] 2026-04-29 07:14:39.029 [TestNG-PoolService-1] BaseTest - Browser launched
[INFO ] 2026-04-29 07:14:39.072 [TestNG-PoolService-2] BaseTest - Browser launched
[INFO ] 2026-04-29 07:14:45.603 [TestNG-PoolService-1] BaseTest - Browser closed
[INFO ] 2026-04-29 07:14:47.067 [TestNG-PoolService-2] BaseTest - Browser closed
[DEBUG] 2026-04-29 07:20:50.788 [main] PackageRelationshipCollection - Parsing relationship: /xl/_rels/workbook.xml.rels
[DEBUG] 2026-04-29 07:20:50.809 [main] PackageRelationshipCollection - Parsing relationship: /_rels/.rels
[INFO ] 2026-04-29 07:20:55.491 [TestNG-PoolService-1] BaseTest - Browser launched
[INFO ] 2026-04-29 07:20:57.796 [TestNG-PoolService-1] BaseTest - Browser closed
[DEBUG] 2026-04-29 07:20:57.829 [main] PackageRelationshipCollection - Parsing relationship: /xl/_rels/workbook.xml.rels
[DEBUG] 2026-04-29 07:20:57.835 [main] PackageRelationshipCollection - Parsing relationship: /_rels/.rels
[INFO ] 2026-04-29 07:20:59.796 [TestNG-PoolService-1] BaseTest - Browser launched
[INFO ] 2026-04-29 07:21:05.103 [TestNG-PoolService-1] BaseTest - Browser closed
[DEBUG] 2026-04-29 09:13:46.099 [main] PackageRelationshipCollection - Parsing relationship: /xl/_rels/workbook.xml.rels
[DEBUG] 2026-04-29 09:13:46.138 [main] PackageRelationshipCollection - Parsing relationship: /_rels/.rels
[INFO ] 2026-04-29 09:13:56.823 [TestNG-PoolService-1] BaseTest - Browser launched
[INFO ] 2026-04-29 09:14:03.342 [TestNG-PoolService-1] BaseTest - Browser closed
[DEBUG] 2026-04-29 09:14:03.364 [main] PackageRelationshipCollection - Parsing relationship: /xl/_rels/workbook.xml.rels
[DEBUG] 2026-04-29 09:14:03.369 [main] PackageRelationshipCollection - Parsing relationship: /_rels/.rels
[INFO ] 2026-04-29 09:14:06.488 [TestNG-PoolService-1] BaseTest - Browser launched
[INFO ] 2026-04-29 09:14:10.347 [TestNG-PoolService-1] BaseTest - Browser closed
[DEBUG] 2026-04-29 09:15:21.927 [TestNG-test-Test-1] PackageRelationshipCollection - Parsing relationship: /xl/_rels/workbook.xml.rels
[DEBUG] 2026-04-29 09:15:21.927 [TestNG-test-Test-2] PackageRelationshipCollection - Parsing relationship: /xl/_rels/workbook.xml.rels
[DEBUG] 2026-04-29 09:15:21.948 [TestNG-test-Test-2] PackageRelationshipCollection - Parsing relationship: /_rels/.rels
[DEBUG] 2026-04-29 09:15:21.948 [TestNG-test-Test-1] PackageRelationshipCollection - Parsing relationship: /_rels/.rels
[INFO ] 2026-04-29 09:15:26.614 [TestNG-PoolService-1] BaseTest - Browser launched
[INFO ] 2026-04-29 09:15:27.564 [TestNG-PoolService-1] BaseTest - Browser launched
[INFO ] 2026-04-29 09:15:29.866 [TestNG-PoolService-1] BaseTest - Browser closed
[INFO ] 2026-04-29 09:15:31.087 [TestNG-PoolService-1] BaseTest - Browser closed
[DEBUG] 2026-04-29 14:18:51.533 [TestNG-test-Test-1] PackageRelationshipCollection - Parsing relationship: /xl/_rels/workbook.xml.rels
[DEBUG] 2026-04-29 14:18:51.533 [TestNG-test-Test-2] PackageRelationshipCollection - Parsing relationship: /xl/_rels/workbook.xml.rels
[DEBUG] 2026-04-29 14:18:51.558 [TestNG-test-Test-2] PackageRelationshipCollection - Parsing relationship: /_rels/.rels
[DEBUG] 2026-04-29 14:18:51.558 [TestNG-test-Test-1] PackageRelationshipCollection - Parsing relationship: /_rels/.rels
[INFO ] 2026-04-29 14:18:57.306 [TestNG-PoolService-1] BaseTest - Browser launched
[INFO ] 2026-04-29 14:18:57.323 [TestNG-PoolService-1] BaseTest - Browser launched
[INFO ] 2026-04-29 14:18:59.515 [TestNG-PoolService-1] BaseTest - Browser closed
[INFO ] 2026-04-29 14:19:00.244 [TestNG-PoolService-1] BaseTest - Browser closed
[DEBUG] 2026-04-29 14:25:26.455 [TestNG-test-Test-1] PackageRelationshipCollection - Parsing relationship: /xl/_rels/workbook.xml.rels
[DEBUG] 2026-04-29 14:25:26.455 [TestNG-test-Test-2] PackageRelationshipCollection - Parsing relationship: /xl/_rels/workbook.xml.rels
[DEBUG] 2026-04-29 14:25:26.472 [TestNG-test-Test-1] PackageRelationshipCollection - Parsing relationship: /_rels/.rels
[DEBUG] 2026-04-29 14:25:26.473 [TestNG-test-Test-2] PackageRelationshipCollection - Parsing relationship: /_rels/.rels
[INFO ] 2026-04-29 14:25:30.988 [TestNG-PoolService-1] BaseTest - Browser launched
[INFO ] 2026-04-29 14:25:31.160 [TestNG-PoolService-1] BaseTest - Browser launched
[INFO ] 2026-04-29 14:25:34.860 [TestNG-PoolService-1] BaseTest - Browser closed
[INFO ] 2026-04-29 14:25:37.118 [TestNG-PoolService-1] BaseTest - Browser closed
[DEBUG] 2026-04-29 14:29:10.055 [main] PackageRelationshipCollection - Parsing relationship: /xl/_rels/workbook.xml.rels
[DEBUG] 2026-04-29 14:29:10.077 [main] PackageRelationshipCollection - Parsing relationship: /_rels/.rels
